RAAM
Kriishna
Shiiv
Gaanga
Yamuuna